20:28:20 **** Incremental Build of configuration Debug for project 4_SEVEN_SEGMENT_TEST ****
make -j4 all 
arm-none-eabi-gcc "../Core/Src/main.c" -mcpu=cortex-m3 -std=gnu11 -g3 -DDEBUG -DUSE_HAL_DRIVER -DSTM32F103x6 -c -I../Core/Inc -I../Drivers/STM32F1xx_HAL_Driver/Inc/Legacy -I../Drivers/STM32F1xx_HAL_Driver/Inc -I../Drivers/CMSIS/Device/ST/STM32F1xx/Include -I../Drivers/CMSIS/Include -O0 -ffunction-sections -fdata-sections -Wall -fstack-usage -fcyclomatic-complexity -MMD -MP -MF"Core/Src/main.d" -MT"Core/Src/main.o" --specs=nano.specs -mfloat-abi=soft -mthumb -o "Core/Src/main.o"
../Core/Src/main.c: In function 'main':
../Core/Src/main.c:128:45: warning: implicit declaration of function 'strlen' [-Wimplicit-function-declaration]
  128 |    HAL_UART_Transmit(&huart1,(uint8_t *)msg,strlen(msg),100000);
      |                                             ^~~~~~
../Core/Src/main.c:128:45: warning: incompatible implicit declaration of built-in function 'strlen'
../Core/Src/main.c:22:1: note: include '<string.h>' or provide a declaration of 'strlen'
   21 | #include "stdio.h"
  +++ |+#include <string.h>
   22 | 
../Core/Src/main.c:130:4: warning: implicit declaration of function 'displayNumber' [-Wimplicit-function-declaration]
  130 |    displayNumber(test);
      |    ^~~~~~~~~~~~~
../Core/Src/main.c: At top level:
../Core/Src/main.c:236:6: warning: conflicting types for 'displayNumber'
  236 | void displayNumber(int number)
      |      ^~~~~~~~~~~~~
../Core/Src/main.c:130:4: note: previous implicit declaration of 'displayNumber' was here
  130 |    displayNumber(test);
      |    ^~~~~~~~~~~~~
arm-none-eabi-gcc -o "4_SEVEN_SEGMENT_TEST.elf" @"objects.list"   -mcpu=cortex-m3 -T"E:\STM32_prgrm\4_SEVEN_SEGMENT_TEST\STM32F103C6TX_FLASH.ld" --specs=nosys.specs -Wl,-Map="4_SEVEN_SEGMENT_TEST.map" -Wl,--gc-sections -static --specs=nano.specs -mfloat-abi=soft -mthumb -Wl,--start-group -lc -lm -Wl,--end-group
Finished building target: 4_SEVEN_SEGMENT_TEST.elf
 
arm-none-eabi-size   4_SEVEN_SEGMENT_TEST.elf 
arm-none-eabi-objdump -h -S  4_SEVEN_SEGMENT_TEST.elf  > "4_SEVEN_SEGMENT_TEST.list"
arm-none-eabi-objcopy  -O ihex  4_SEVEN_SEGMENT_TEST.elf  "4_SEVEN_SEGMENT_TEST.hex"
   text	   data	    bss	    dec	    hex	filename
  13960	    120	   1712	  15792	   3db0	4_SEVEN_SEGMENT_TEST.elf
Finished building: default.size.stdout
 
Finished building: 4_SEVEN_SEGMENT_TEST.hex
 
Finished building: 4_SEVEN_SEGMENT_TEST.list
 

20:28:23 Build Finished. 0 errors, 4 warnings. (took 3s.26ms)

