09:05:12 **** Incremental Build of configuration Debug for project ADC_SILICON ****
make -j4 all 
arm-none-eabi-gcc "../Src/main.c" -mcpu=cortex-m4 -std=gnu11 -g3 -DDEBUG -DSTM32 -DSTM32F401RETx -DSTM32F4 -DSTM32F401xE -c -I../Inc -I"E:/STM32_prgrm/Chip_Headers/CMSIS/Device/ST/STM32F4xx/Include" -I"E:/STM32_prgrm/Chip_Headers/CMSIS/Include" -O0 -ffunction-sections -fdata-sections -Wall -fstack-usage -fcyclomatic-complexity -MMD -MP -MF"Src/main.d" -MT"Src/main.o" --specs=nano.specs -mfpu=fpv4-sp-d16 -mfloat-abi=hard -mthumb -o "Src/main.o"
arm-none-eabi-gcc -o "ADC_SILICON.elf" @"objects.list"   -mcpu=cortex-m4 -T"E:\STM32_prgrm\ADC_SILICON\STM32F401RETX_FLASH.ld" --specs=nosys.specs -Wl,-Map="ADC_SILICON.map" -Wl,--gc-sections -static --specs=nano.specs -mfpu=fpv4-sp-d16 -mfloat-abi=hard -mthumb -Wl,--start-group -lc -lm -Wl,--end-group
Finished building target: ADC_SILICON.elf
 
arm-none-eabi-size   ADC_SILICON.elf 
arm-none-eabi-objdump -h -S  ADC_SILICON.elf  > "ADC_SILICON.list"
arm-none-eabi-objcopy  -O ihex  ADC_SILICON.elf  "ADC_SILICON.hex"
   text	   data	    bss	    dec	    hex	filename
    836	      8	   1568	   2412	    96c	ADC_SILICON.elf
Finished building: default.size.stdout
 
Finished building: ADC_SILICON.list
Finished building: ADC_SILICON.hex
 
 

09:05:15 Build Finished. 0 errors, 0 warnings. (took 2s.309ms)

