20:29:34 **** Incremental Build of configuration Debug for project example ****
make -j4 all 
arm-none-eabi-gcc "../Src/main.c" -mcpu=cortex-m4 -std=gnu11 -g3 -DDEBUG -DSTM32 -DSTM32F401RETx -DSTM32F4 -DSTM32F401xE -c -I../Inc -I"E:/STM32_prgrm/Chip_Headers/CMSIS/Device/ST/STM32F4xx/Include" -I"E:/STM32_prgrm/Chip_Headers/CMSIS/Include" -O0 -ffunction-sections -fdata-sections -Wall -fstack-usage -fcyclomatic-complexity -MMD -MP -MF"Src/main.d" -MT"Src/main.o" --specs=nano.specs -mfpu=fpv4-sp-d16 -mfloat-abi=hard -mthumb -o "Src/main.o"
arm-none-eabi-gcc -o "example.elf" @"objects.list"   -mcpu=cortex-m4 -T"E:\STM32_prgrm\example\STM32F401RETX_FLASH.ld" --specs=nosys.specs -Wl,-Map="example.map" -Wl,--gc-sections -static --specs=nano.specs -mfpu=fpv4-sp-d16 -mfloat-abi=hard -mthumb -Wl,--start-group -lc -lm -Wl,--end-group
Finished building target: example.elf
 
arm-none-eabi-size   example.elf 
arm-none-eabi-objdump -h -S  example.elf  > "example.list"
   text	   data	    bss	    dec	    hex	filename
    768	      8	   1568	   2344	    928	example.elf
arm-none-eabi-objcopy  -O ihex  example.elf  "example.hex"
Finished building: default.size.stdout
 
Finished building: example.list
Finished building: example.hex
 
 

20:29:36 Build Finished. 0 errors, 0 warnings. (took 1s.812ms)

