13:41:05 **** Incremental Build of configuration Debug for project 19_11_23_pwm_ ****
make -j4 all 
arm-none-eabi-gcc "../Core/Src/main.c" -mcpu=cortex-m4 -std=gnu11 -g3 -DDEBUG -DUSE_HAL_DRIVER -DSTM32F401xE -c -I../Core/Inc -I../Drivers/STM32F4xx_HAL_Driver/Inc -I../Drivers/STM32F4xx_HAL_Driver/Inc/Legacy -I../Drivers/CMSIS/Device/ST/STM32F4xx/Include -I../Drivers/CMSIS/Include -O0 -ffunction-sections -fdata-sections -Wall -fstack-usage -fcyclomatic-complexity -MMD -MP -MF"Core/Src/main.d" -MT"Core/Src/main.o" --specs=nano.specs -mfpu=fpv4-sp-d16 -mfloat-abi=hard -mthumb -o "Core/Src/main.o"
arm-none-eabi-gcc -o "19_11_23_pwm_.elf" @"objects.list"   -mcpu=cortex-m4 -T"E:\STM32_prgrm\19_11_23_pwm_\STM32F401RETX_FLASH.ld" --specs=nosys.specs -Wl,-Map="19_11_23_pwm_.map" -Wl,--gc-sections -static --specs=nano.specs -mfpu=fpv4-sp-d16 -mfloat-abi=hard -mthumb -Wl,--start-group -lc -lm -Wl,--end-group
Finished building target: 19_11_23_pwm_.elf
 
arm-none-eabi-size   19_11_23_pwm_.elf 
arm-none-eabi-objdump -h -S  19_11_23_pwm_.elf  > "19_11_23_pwm_.list"
arm-none-eabi-objcopy  -O ihex  19_11_23_pwm_.elf  "19_11_23_pwm_.hex"
   text	   data	    bss	    dec	    hex	filename
  10996	     20	   1788	  12804	   3204	19_11_23_pwm_.elf
Finished building: default.size.stdout
 
Finished building: 19_11_23_pwm_.hex
 
Finished building: 19_11_23_pwm_.list
 
