12:03:22 **** Incremental Build of configuration Debug for project govind_adc ****
make -j4 all 
arm-none-eabi-gcc "../Core/Src/main.c" -mcpu=cortex-m3 -std=gnu11 -g3 -DDEBUG -DUSE_HAL_DRIVER -DSTM32F103xB -c -I../Core/Inc -I../Drivers/STM32F1xx_HAL_Driver/Inc/Legacy -I../Drivers/STM32F1xx_HAL_Driver/Inc -I../Drivers/CMSIS/Device/ST/STM32F1xx/Include -I../Drivers/CMSIS/Include -O0 -ffunction-sections -fdata-sections -Wall -fstack-usage -fcyclomatic-complexity -MMD -MP -MF"Core/Src/main.d" -MT"Core/Src/main.o" --specs=nano.specs -mfloat-abi=soft -mthumb -o "Core/Src/main.o"
../Core/Src/main.c: In function 'main':
../Core/Src/main.c:117:30: warning: passing argument 2 of 'HAL_UART_Transmit' from incompatible pointer type [-Wincompatible-pointer-types]
  117 |    HAL_UART_Transmit(&huart1,(int *)msg,strlen(msg),10000);
      |                              ^~~~~~~~~~
      |                              |
      |                              int *
In file included from ../Core/Inc/stm32f1xx_hal_conf.h:338,
                 from ../Drivers/STM32F1xx_HAL_Driver/Inc/stm32f1xx_hal.h:29,
                 from ../Core/Inc/main.h:30,
                 from ../Core/Src/main.c:20:
../Drivers/STM32F1xx_HAL_Driver/Inc/stm32f1xx_hal_uart.h:749:79: note: expected 'const uint8_t *' {aka 'const unsigned char *'} but argument is of type 'int *'
  749 | HAL_StatusTypeDef HAL_UART_Transmit(UART_HandleTypeDef *huart, const uint8_t *pData, uint16_t Size, uint32_t Timeout);
      |                                                                ~~~~~~~~~~~~~~~^~~~~
arm-none-eabi-gcc -o "govind_adc.elf" @"objects.list"   -mcpu=cortex-m3 -T"E:\STM32_prgrm\govind_adc\STM32F103C8TX_FLASH.ld" --specs=nosys.specs -Wl,-Map="govind_adc.map" -Wl,--gc-sections -static --specs=nano.specs -mfloat-abi=soft -mthumb -Wl,--start-group -lc -lm -Wl,--end-group
Finished building target: govind_adc.elf
 
arm-none-eabi-size   govind_adc.elf 
arm-none-eabi-objdump -h -S  govind_adc.elf  > "govind_adc.list"
   text	   data	    bss	    dec	    hex	filename
  11364	    120	   1728	  13212	   339c	govind_adc.elf
Finished building: default.size.stdout
 
Finished building: govind_adc.list
 

12:03:25 Build Finished. 0 errors, 1 warnings. (took 2s.609ms)

