13:42:49 **** Incremental Build of configuration Debug for project Interrupt_led ****
make -j4 all 
arm-none-eabi-gcc "../Src/main.c" -mcpu=cortex-m4 -std=gnu11 -g3 -DDEBUG -DSTM32 -DSTM32F401RETx -DSTM32F4 -DSTM32F401xE -c -I../Inc -I"E:/STM32_prgrm/Chip_Headers/CMSIS/Device/ST/STM32F4xx/Include" -I"E:/STM32_prgrm/Chip_Headers/CMSIS/Include" -O0 -ffunction-sections -fdata-sections -Wall -fstack-usage -fcyclomatic-complexity -MMD -MP -MF"Src/main.d" -MT"Src/main.o" --specs=nano.specs -mfpu=fpv4-sp-d16 -mfloat-abi=hard -mthumb -o "Src/main.o"
arm-none-eabi-gcc -o "Interrupt_led.elf" @"objects.list"   -mcpu=cortex-m4 -T"E:\STM32_prgrm\Interrupt_led\STM32F401RETX_FLASH.ld" --specs=nosys.specs -Wl,-Map="Interrupt_led.map" -Wl,--gc-sections -static --specs=nano.specs -mfpu=fpv4-sp-d16 -mfloat-abi=hard -mthumb -Wl,--start-group -lc -lm -Wl,--end-group
Finished building target: Interrupt_led.elf
 
arm-none-eabi-size   Interrupt_led.elf 
arm-none-eabi-objdump -h -S  Interrupt_led.elf  > "Interrupt_led.list"
arm-none-eabi-objcopy  -O ihex  Interrupt_led.elf  "Interrupt_led.hex"
   text	   data	    bss	    dec	    hex	filename
   1260	      8	   1568	   2836	    b14	Interrupt_led.elf
Finished building: default.size.stdout
Finished building: Interrupt_led.hex
 
Finished building: Interrupt_led.list
 
 

13:42:53 Build Finished. 0 errors, 0 warnings. (took 3s.544ms)

