07:50:22 **** Incremental Build of configuration Debug for project JAHANGIR_PROJECT ****
make -j4 all 
arm-none-eabi-gcc "../Core/Src/main.c" -mcpu=cortex-m4 -std=gnu11 -g3 -DDEBUG -DUSE_HAL_DRIVER -DSTM32F446xx -c -I../Core/Inc -I../Drivers/STM32F4xx_HAL_Driver/Inc -I../Drivers/STM32F4xx_HAL_Driver/Inc/Legacy -I../Drivers/CMSIS/Device/ST/STM32F4xx/Include -I../Drivers/CMSIS/Include -O0 -ffunction-sections -fdata-sections -Wall -fstack-usage -fcyclomatic-complexity -MMD -MP -MF"Core/Src/main.d" -MT"Core/Src/main.o" --specs=nano.specs -mfpu=fpv4-sp-d16 -mfloat-abi=hard -mthumb -o "Core/Src/main.o"
arm-none-eabi-gcc -o "JAHANGIR_PROJECT.elf" @"objects.list"   -mcpu=cortex-m4 -T"E:\STM32_prgrm\JAHANGIR_PROJECT\STM32F446RETX_FLASH.ld" --specs=nosys.specs -Wl,-Map="JAHANGIR_PROJECT.map" -Wl,--gc-sections -static --specs=nano.specs -mfpu=fpv4-sp-d16 -mfloat-abi=hard -mthumb -Wl,--start-group -lc -lm -Wl,--end-group
Finished building target: JAHANGIR_PROJECT.elf
 
arm-none-eabi-size   JAHANGIR_PROJECT.elf 
arm-none-eabi-objdump -h -S  JAHANGIR_PROJECT.elf  > "JAHANGIR_PROJECT.list"
arm-none-eabi-objcopy  -O ihex  JAHANGIR_PROJECT.elf  "JAHANGIR_PROJECT.hex"
   text	   data	    bss	    dec	    hex	filename
  12200	     20	   1788	  14008	   36b8	JAHANGIR_PROJECT.elf
Finished building: default.size.stdout
 
Finished building: JAHANGIR_PROJECT.hex
Finished building: JAHANGIR_PROJECT.list
 
 

07:50:25 Build Finished. 0 errors, 0 warnings. (took 3s.16ms)

