00:10:56 **** Incremental Build of configuration Debug for project led_silicon ****
make -j4 all 
arm-none-eabi-gcc "../Src/main.c" -mcpu=cortex-m4 -std=gnu11 -g3 -DDEBUG -DSTM32 -DSTM32F401RETx -DSTM32F4 -DSTM32F401xE -c -I../Inc -I"E:/STM32_prgrm/Chip_Headers/CMSIS/Device/ST/STM32F4xx/Include" -I"E:/STM32_prgrm/Chip_Headers/CMSIS/Include" -O0 -ffunction-sections -fdata-sections -Wall -fstack-usage -fcyclomatic-complexity -MMD -MP -MF"Src/main.d" -MT"Src/main.o" --specs=nano.specs -mfpu=fpv4-sp-d16 -mfloat-abi=hard -mthumb -o "Src/main.o"
arm-none-eabi-gcc -o "led_silicon.elf" @"objects.list"   -mcpu=cortex-m4 -T"E:\STM32_prgrm\led_silicon\STM32F401RETX_FLASH.ld" --specs=nosys.specs -Wl,-Map="led_silicon.map" -Wl,--gc-sections -static --specs=nano.specs -mfpu=fpv4-sp-d16 -mfloat-abi=hard -mthumb -Wl,--start-group -lc -lm -Wl,--end-group
Finished building target: led_silicon.elf
 
arm-none-eabi-size   led_silicon.elf 
arm-none-eabi-objdump -h -S  led_silicon.elf  > "led_silicon.list"
arm-none-eabi-objcopy  -O ihex  led_silicon.elf  "led_silicon.hex"
   text	   data	    bss	    dec	    hex	filename
    816	      8	   1568	   2392	    958	led_silicon.elf
Finished building: default.size.stdout
 
Finished building: led_silicon.list
Finished building: led_silicon.hex
 
 

00:10:58 Build Finished. 0 errors, 0 warnings. (took 1s.700ms)

