10:35:34 **** Incremental Build of configuration Debug for project led_practice ****
make -j4 all 
arm-none-eabi-gcc "../Src/main.c" -mcpu=cortex-m4 -std=gnu11 -g3 -DDEBUG -DSTM32 -DSTM32F401RETx -DSTM32F4 -DSTM32F401xE -c -I../Inc -I"E:/STM32_prgrm/Chip_Headers/CMSIS/Device/ST/STM32F4xx/Include" -I"E:/STM32_prgrm/Chip_Headers/CMSIS/Include" -O0 -ffunction-sections -fdata-sections -Wall -fstack-usage -fcyclomatic-complexity -MMD -MP -MF"Src/main.d" -MT"Src/main.o" --specs=nano.specs -mfpu=fpv4-sp-d16 -mfloat-abi=hard -mthumb -o "Src/main.o"
arm-none-eabi-gcc -o "led_practice.elf" @"objects.list"   -mcpu=cortex-m4 -T"E:\STM32_prgrm\led_practice\STM32F401RETX_FLASH.ld" --specs=nosys.specs -Wl,-Map="led_practice.map" -Wl,--gc-sections -static --specs=nano.specs -mfpu=fpv4-sp-d16 -mfloat-abi=hard -mthumb -Wl,--start-group -lc -lm -Wl,--end-group
Finished building target: led_practice.elf
 
arm-none-eabi-size   led_practice.elf 
arm-none-eabi-objdump -h -S  led_practice.elf  > "led_practice.list"
arm-none-eabi-objcopy  -O ihex  led_practice.elf  "led_practice.hex"
   text	   data	    bss	    dec	    hex	filename
   1260	      8	   1568	   2836	    b14	led_practice.elf
Finished building: default.size.stdout
Finished building: led_practice.list
Finished building: led_practice.hex
 
 
 

10:35:36 Build Finished. 0 errors, 0 warnings. (took 1s.896ms)

