14:09:17 **** Incremental Build of configuration Debug for project PWM_SIGNAL_THREE_ BHLE_SET ****
make -j4 all 
arm-none-eabi-gcc "../Core/Src/main.c" -mcpu=cortex-m3 -std=gnu11 -g3 -DDEBUG -DUSE_HAL_DRIVER -DSTM32F103x6 -c -I../Core/Inc -I../Drivers/STM32F1xx_HAL_Driver/Inc/Legacy -I../Drivers/STM32F1xx_HAL_Driver/Inc -I../Drivers/CMSIS/Device/ST/STM32F1xx/Include -I../Drivers/CMSIS/Include -O0 -ffunction-sections -fdata-sections -Wall -fstack-usage -fcyclomatic-complexity -MMD -MP -MF"Core/Src/main.d" -MT"Core/Src/main.o" --specs=nano.specs -mfloat-abi=soft -mthumb -o "Core/Src/main.o"
../Core/Src/main.c: In function 'MX_TIM2_Init':
../Core/Src/main.c:230:27: warning: unused variable 'sMasterConfig' [-Wunused-variable]
  230 |   TIM_MasterConfigTypeDef sMasterConfig = {0};
      |                           ^~~~~~~~~~~~~
../Core/Src/main.c:229:26: warning: unused variable 'sClockSourceConfig' [-Wunused-variable]
  229 |   TIM_ClockConfigTypeDef sClockSourceConfig = {0};
      |                          ^~~~~~~~~~~~~~~~~~
arm-none-eabi-gcc -o "PWM_SIGNAL_THREE_ BHLE_SET.elf" @"objects.list"   -mcpu=cortex-m3 -T"E:\STM32_prgrm\PWM_SIGNAL_THREE_ BHLE_SET\STM32F103C6TX_FLASH.ld" --specs=nosys.specs -Wl,-Map="PWM_SIGNAL_THREE_ BHLE_SET.map" -Wl,--gc-sections -static --specs=nano.specs -mfloat-abi=soft -mthumb -Wl,--start-group -lc -lm -Wl,--end-group
Finished building target: PWM_SIGNAL_THREE_ BHLE_SET.elf
 
arm-none-eabi-size   PWM_SIGNAL_THREE_\ BHLE_SET.elf 
arm-none-eabi-objdump -h -S  PWM_SIGNAL_THREE_\ BHLE_SET.elf  > "PWM_SIGNAL_THREE_ BHLE_SET.list"
arm-none-eabi-objcopy  -O ihex  PWM_SIGNAL_THREE_\ BHLE_SET.elf  "PWM_SIGNAL_THREE_ BHLE_SET.hex"
   text	   data	    bss	    dec	    hex	filename
   7128	     20	   1644	   8792	   2258	PWM_SIGNAL_THREE_ BHLE_SET.elf
Finished building: default.size.stdout
 
Finished building: PWM_SIGNAL_THREE_ BHLE_SET.hex
Finished building: PWM_SIGNAL_THREE_ BHLE_SET.list
 
 

14:09:23 Build Finished. 0 errors, 2 warnings. (took 6s.221ms)

