17:00:48 **** Incremental Build of configuration Debug for project PWM_TEST_7 ****
make -j4 all 
arm-none-eabi-gcc "../Src/main.c" -mcpu=cortex-m3 -std=gnu11 -g3 -DDEBUG -DSTM32 -DSTM32F1 -DSTM32F103C6Tx -DSTM32F401xE -c -I../Inc -I"E:/STM32_prgrm/Chip_Headers/CMSIS/Device/ST/STM32F4xx/Include" -I"E:/STM32_prgrm/Chip_Headers/CMSIS/Include" -O0 -ffunction-sections -fdata-sections -Wall -fstack-usage -fcyclomatic-complexity -MMD -MP -MF"Src/main.d" -MT"Src/main.o" --specs=nano.specs -mfloat-abi=soft -mthumb -o "Src/main.o"
arm-none-eabi-gcc -o "PWM_TEST_7.elf" @"objects.list"   -mcpu=cortex-m3 -T"E:\STM32_prgrm\PWM_TEST_7\STM32F103C6TX_FLASH.ld" --specs=nosys.specs -Wl,-Map="PWM_TEST_7.map" -Wl,--gc-sections -static --specs=nano.specs -mfloat-abi=soft -mthumb -Wl,--start-group -lc -lm -Wl,--end-group
Finished building target: PWM_TEST_7.elf
 
arm-none-eabi-size   PWM_TEST_7.elf 
arm-none-eabi-objdump -h -S  PWM_TEST_7.elf  > "PWM_TEST_7.list"
arm-none-eabi-objcopy  -O ihex  PWM_TEST_7.elf  "PWM_TEST_7.hex"
   text	   data	    bss	    dec	    hex	filename
   1000	      8	   1568	   2576	    a10	PWM_TEST_7.elf
Finished building: default.size.stdout
 
Finished building: PWM_TEST_7.hex
Finished building: PWM_TEST_7.list
 
 

17:00:50 Build Finished. 0 errors, 0 warnings. (took 2s.119ms)

