11:31:01 **** Incremental Build of configuration Debug for project test_set_timer_pwm_pwm_pwm ****
make -j4 all 
arm-none-eabi-gcc "../Core/Src/main.c" -mcpu=cortex-m3 -std=gnu11 -g3 -DDEBUG -DUSE_HAL_DRIVER -DSTM32F103x6 -c -I../Core/Inc -I../Drivers/STM32F1xx_HAL_Driver/Inc/Legacy -I../Drivers/STM32F1xx_HAL_Driver/Inc -I../Drivers/CMSIS/Device/ST/STM32F1xx/Include -I../Drivers/CMSIS/Include -O0 -ffunction-sections -fdata-sections -Wall -fstack-usage -fcyclomatic-complexity -MMD -MP -MF"Core/Src/main.d" -MT"Core/Src/main.o" --specs=nano.specs -mfloat-abi=soft -mthumb -o "Core/Src/main.o"
arm-none-eabi-gcc -o "test_set_timer_pwm_pwm_pwm.elf" @"objects.list"   -mcpu=cortex-m3 -T"E:\STM32_prgrm\test_set_timer_pwm_pwm_pwm\STM32F103C6TX_FLASH.ld" --specs=nosys.specs -Wl,-Map="test_set_timer_pwm_pwm_pwm.map" -Wl,--gc-sections -static --specs=nano.specs -mfloat-abi=soft -mthumb -Wl,--start-group -lc -lm -Wl,--end-group
Finished building target: test_set_timer_pwm_pwm_pwm.elf
 
arm-none-eabi-size   test_set_timer_pwm_pwm_pwm.elf 
arm-none-eabi-objdump -h -S  test_set_timer_pwm_pwm_pwm.elf  > "test_set_timer_pwm_pwm_pwm.list"
arm-none-eabi-objcopy  -O ihex  test_set_timer_pwm_pwm_pwm.elf  "test_set_timer_pwm_pwm_pwm.hex"
   text	   data	    bss	    dec	    hex	filename
   7008	     20	   1716	   8744	   2228	test_set_timer_pwm_pwm_pwm.elf
Finished building: default.size.stdout
 
Finished building: test_set_timer_pwm_pwm_pwm.hex
Finished building: test_set_timer_pwm_pwm_pwm.list
 
 

11:31:03 Build Finished. 0 errors, 0 warnings. (took 2s.676ms)

