18:53:29 **** Incremental Build of configuration Release for project TEST_SEVEN_SEGMENT ****
make -j4 all 
arm-none-eabi-gcc "../Core/Src/main.c" -mcpu=cortex-m4 -std=gnu11 -DUSE_HAL_DRIVER -DSTM32F401xE -c -I../Core/Inc -I../Drivers/STM32F4xx_HAL_Driver/Inc -I../Drivers/STM32F4xx_HAL_Driver/Inc/Legacy -I../Drivers/CMSIS/Device/ST/STM32F4xx/Include -I../Drivers/CMSIS/Include -Os -ffunction-sections -fdata-sections -Wall -fstack-usage -fcyclomatic-complexity -MMD -MP -MF"Core/Src/main.d" -MT"Core/Src/main.o" --specs=nano.specs -mfpu=fpv4-sp-d16 -mfloat-abi=hard -mthumb -o "Core/Src/main.o"
arm-none-eabi-gcc -o "TEST_SEVEN_SEGMENT.elf" @"objects.list"   -mcpu=cortex-m4 -T"E:\STM32_prgrm\TEST_SEVEN_SEGMENT\STM32F401RETX_FLASH.ld" --specs=nosys.specs -Wl,-Map="TEST_SEVEN_SEGMENT.map" -Wl,--gc-sections -static --specs=nano.specs -mfpu=fpv4-sp-d16 -mfloat-abi=hard -mthumb -Wl,--start-group -lc -lm -Wl,--end-group
Finished building target: TEST_SEVEN_SEGMENT.elf
 
arm-none-eabi-size   TEST_SEVEN_SEGMENT.elf 
arm-none-eabi-objdump -h -S  TEST_SEVEN_SEGMENT.elf  > "TEST_SEVEN_SEGMENT.list"
   text	   data	    bss	    dec	    hex	filename
   3920	     20	   1572	   5512	   1588	TEST_SEVEN_SEGMENT.elf
Finished building: default.size.stdout
Finished building: TEST_SEVEN_SEGMENT.list
 
 

18:53:31 Build Finished. 0 errors, 0 warnings. (took 2s.824ms)

