10:41:53 **** Incremental Build of configuration Debug for project TIMER_2_PROJ ****
make -j4 all 
arm-none-eabi-gcc "../Src/Timer2.c" -mcpu=cortex-m4 -std=gnu11 -g3 -DDEBUG -DSTM32 -DSTM32F401RETx -DSTM32F4 -DSTM32F401xE -c -I../Inc -I"E:/STM32_prgrm/Chip_Headers/CMSIS/Device/ST/STM32F4xx/Include" -I"E:/STM32_prgrm/Chip_Headers/CMSIS/Include" -O0 -ffunction-sections -fdata-sections -Wall -fstack-usage -fcyclomatic-complexity -MMD -MP -MF"Src/Timer2.d" -MT"Src/Timer2.o" --specs=nano.specs -mfpu=fpv4-sp-d16 -mfloat-abi=hard -mthumb -o "Src/Timer2.o"
arm-none-eabi-gcc -o "TIMER_2_PROJ.elf" @"objects.list"   -mcpu=cortex-m4 -T"E:\STM32_prgrm\TIMER_2_PROJ\STM32F401RETX_FLASH.ld" --specs=nosys.specs -Wl,-Map="TIMER_2_PROJ.map" -Wl,--gc-sections -static --specs=nano.specs -mfpu=fpv4-sp-d16 -mfloat-abi=hard -mthumb -Wl,--start-group -lc -lm -Wl,--end-group
Finished building target: TIMER_2_PROJ.elf
 
arm-none-eabi-size   TIMER_2_PROJ.elf 
arm-none-eabi-objdump -h -S  TIMER_2_PROJ.elf  > "TIMER_2_PROJ.list"
arm-none-eabi-objcopy  -O ihex  TIMER_2_PROJ.elf  "TIMER_2_PROJ.hex"
   text	   data	    bss	    dec	    hex	filename
    780	      8	   1568	   2356	    934	TIMER_2_PROJ.elf
Finished building: default.size.stdout
 
Finished building: TIMER_2_PROJ.list
 
Finished building: TIMER_2_PROJ.hex
 

10:41:56 Build Finished. 0 errors, 0 warnings. (took 2s.938ms)

