21:03:58 **** Incremental Build of configuration Debug for project TWO_PWM_SET_BHOLE ****
make -j4 all 
arm-none-eabi-gcc "../Core/Src/main.c" -mcpu=cortex-m3 -std=gnu11 -g3 -DDEBUG -DUSE_HAL_DRIVER -DSTM32F103x6 -c -I../Core/Inc -I../Drivers/STM32F1xx_HAL_Driver/Inc/Legacy -I../Drivers/STM32F1xx_HAL_Driver/Inc -I../Drivers/CMSIS/Device/ST/STM32F1xx/Include -I../Drivers/CMSIS/Include -O0 -ffunction-sections -fdata-sections -Wall -fstack-usage -fcyclomatic-complexity -MMD -MP -MF"Core/Src/main.d" -MT"Core/Src/main.o" --specs=nano.specs -mfloat-abi=soft -mthumb -o "Core/Src/main.o"
../Core/Src/main.c: In function 'MX_TIM2_Init':
../Core/Src/main.c:212:27: warning: unused variable 'sMasterConfig' [-Wunused-variable]
  212 |   TIM_MasterConfigTypeDef sMasterConfig = {0};
      |                           ^~~~~~~~~~~~~
../Core/Src/main.c:211:26: warning: unused variable 'sClockSourceConfig' [-Wunused-variable]
  211 |   TIM_ClockConfigTypeDef sClockSourceConfig = {0};
      |                          ^~~~~~~~~~~~~~~~~~
arm-none-eabi-gcc -o "TWO_PWM_SET_BHOLE.elf" @"objects.list"   -mcpu=cortex-m3 -T"E:\STM32_prgrm\TWO_PWM_SET_BHOLE\STM32F103C6TX_FLASH.ld" --specs=nosys.specs -Wl,-Map="TWO_PWM_SET_BHOLE.map" -Wl,--gc-sections -static --specs=nano.specs -mfloat-abi=soft -mthumb -Wl,--start-group -lc -lm -Wl,--end-group
Finished building target: TWO_PWM_SET_BHOLE.elf
 
arm-none-eabi-size   TWO_PWM_SET_BHOLE.elf 
arm-none-eabi-objdump -h -S  TWO_PWM_SET_BHOLE.elf  > "TWO_PWM_SET_BHOLE.list"
arm-none-eabi-objcopy  -O ihex  TWO_PWM_SET_BHOLE.elf  "TWO_PWM_SET_BHOLE.hex"
   text	   data	    bss	    dec	    hex	filename
   7036	     20	   1644	   8700	   21fc	TWO_PWM_SET_BHOLE.elf
Finished building: default.size.stdout
Finished building: TWO_PWM_SET_BHOLE.hex
 
Finished building: TWO_PWM_SET_BHOLE.list
 
 

21:04:01 Build Finished. 0 errors, 2 warnings. (took 3s.275ms)

