15:34:07 **** Incremental Build of configuration Debug for project uart_hall ****
make -j4 all 
arm-none-eabi-gcc "../Core/Src/main.c" -mcpu=cortex-m3 -std=gnu11 -g3 -DDEBUG -DUSE_HAL_DRIVER -DSTM32F103x6 -c -I../Core/Inc -I../Drivers/STM32F1xx_HAL_Driver/Inc/Legacy -I../Drivers/STM32F1xx_HAL_Driver/Inc -I../Drivers/CMSIS/Device/ST/STM32F1xx/Include -I../Drivers/CMSIS/Include -O0 -ffunction-sections -fdata-sections -Wall -fstack-usage -fcyclomatic-complexity -MMD -MP -MF"Core/Src/main.d" -MT"Core/Src/main.o" --specs=nano.specs -mfloat-abi=soft -mthumb -o "Core/Src/main.o"
arm-none-eabi-gcc -o "uart_hall.elf" @"objects.list"   -mcpu=cortex-m3 -T"E:\STM32_prgrm\uart_hall\STM32F103C6TX_FLASH.ld" --specs=nosys.specs -Wl,-Map="uart_hall.map" -Wl,--gc-sections -static --specs=nano.specs -mfloat-abi=soft -mthumb -Wl,--start-group -lc -lm -Wl,--end-group
Finished building target: uart_hall.elf
 
arm-none-eabi-size   uart_hall.elf 
arm-none-eabi-objdump -h -S  uart_hall.elf  > "uart_hall.list"
arm-none-eabi-objcopy  -O ihex  uart_hall.elf  "uart_hall.hex"
   text	   data	    bss	    dec	    hex	filename
   5988	     48	   1648	   7684	   1e04	uart_hall.elf
Finished building: default.size.stdout
 
Finished building: uart_hall.hex
Finished building: uart_hall.list
 
 

15:34:09 Build Finished. 0 errors, 0 warnings. (took 2s.563ms)

