17:34:04 **** Incremental Build of configuration Debug for project usart_r_t ****
make -j4 all 
arm-none-eabi-gcc "../Src/main.c" -mcpu=cortex-m4 -std=gnu11 -g3 -DDEBUG -DSTM32 -DSTM32F401RETx -DSTM32F4 -DSTM32F401xE -c -I../Inc -I"E:/STM32_prgrm/Chip_Headers/CMSIS/Device/ST/STM32F4xx/Include" -I"E:/STM32_prgrm/Chip_Headers/CMSIS/Include" -O0 -ffunction-sections -fdata-sections -Wall -fstack-usage -fcyclomatic-complexity -MMD -MP -MF"Src/main.d" -MT"Src/main.o" --specs=nano.specs -mfpu=fpv4-sp-d16 -mfloat-abi=hard -mthumb -o "Src/main.o"
arm-none-eabi-gcc -o "usart_r_t.elf" @"objects.list"   -mcpu=cortex-m4 -T"E:\STM32_prgrm\usart_r_t\STM32F401RETX_FLASH.ld" --specs=nosys.specs -Wl,-Map="usart_r_t.map" -Wl,--gc-sections -static --specs=nano.specs -mfpu=fpv4-sp-d16 -mfloat-abi=hard -mthumb -Wl,--start-group -lc -lm -Wl,--end-group
Finished building target: usart_r_t.elf
 
arm-none-eabi-size   usart_r_t.elf 
arm-none-eabi-objdump -h -S  usart_r_t.elf  > "usart_r_t.list"
arm-none-eabi-objcopy  -O ihex  usart_r_t.elf  "usart_r_t.hex"
   text	   data	    bss	    dec	    hex	filename
   4116	    108	   1588	   5812	   16b4	usart_r_t.elf
Finished building: default.size.stdout
 
Finished building: usart_r_t.hex
Finished building: usart_r_t.list
 
 

17:34:06 Build Finished. 0 errors, 0 warnings. (took 2s.47ms)

