10:58:00 **** Incremental Build of configuration Debug for project usart_practie_code ****
make -j4 all 
arm-none-eabi-gcc "../Src/main.c" -mcpu=cortex-m4 -std=gnu11 -g3 -DDEBUG -DSTM32 -DSTM32F401RETx -DSTM32F4 -DSTM32F401xE -c -I../Inc -I"E:/STM32_prgrm/Chip_Headers/CMSIS/Device/ST/STM32F4xx/Include" -I"E:/STM32_prgrm/Chip_Headers/CMSIS/Include" -O0 -ffunction-sections -fdata-sections -Wall -fstack-usage -fcyclomatic-complexity -MMD -MP -MF"Src/main.d" -MT"Src/main.o" --specs=nano.specs -mfpu=fpv4-sp-d16 -mfloat-abi=hard -mthumb -o "Src/main.o"
arm-none-eabi-gcc "../Src/uart_init.c" -mcpu=cortex-m4 -std=gnu11 -g3 -DDEBUG -DSTM32 -DSTM32F401RETx -DSTM32F4 -DSTM32F401xE -c -I../Inc -I"E:/STM32_prgrm/Chip_Headers/CMSIS/Device/ST/STM32F4xx/Include" -I"E:/STM32_prgrm/Chip_Headers/CMSIS/Include" -O0 -ffunction-sections -fdata-sections -Wall -fstack-usage -fcyclomatic-complexity -MMD -MP -MF"Src/uart_init.d" -MT"Src/uart_init.o" --specs=nano.specs -mfpu=fpv4-sp-d16 -mfloat-abi=hard -mthumb -o "Src/uart_init.o"
arm-none-eabi-gcc -o "usart_practie_code.elf" @"objects.list"   -mcpu=cortex-m4 -T"E:\STM32_prgrm\usart_practie_code\STM32F401RETX_FLASH.ld" --specs=nosys.specs -Wl,-Map="usart_practie_code.map" -Wl,--gc-sections -static --specs=nano.specs -mfpu=fpv4-sp-d16 -mfloat-abi=hard -mthumb -Wl,--start-group -lc -lm -Wl,--end-group
Finished building target: usart_practie_code.elf
 
arm-none-eabi-size   usart_practie_code.elf 
arm-none-eabi-objdump -h -S  usart_practie_code.elf  > "usart_practie_code.list"
arm-none-eabi-objcopy  -O ihex  usart_practie_code.elf  "usart_practie_code.hex"
   text	   data	    bss	    dec	    hex	filename
    968	      8	   1568	   2544	    9f0	usart_practie_code.elf
Finished building: default.size.stdout
 
Finished building: usart_practie_code.list
Finished building: usart_practie_code.hex
 
 

10:58:03 Build Finished. 0 errors, 0 warnings. (took 2s.637ms)

